// Jest Snapshot v1, https://goo.gl/fbAQLP

exports[`loaded initial data 1`] = `
<div
  class="MuiBox-root css-ywxct0"
>
  <div
    class="MuiBox-root css-3zxbff"
  >
    <span
      class="MuiTypography-root MuiTypography-ad_reas_title_bar css-37jdci-MuiTypography-root"
    />
    <div
      aria-colcount="3"
      aria-multiselectable="false"
      aria-rowcount="1"
      class="ad-reas-grid MuiDataGrid-root MuiDataGrid-root--densityStandard css-1e2bxag-MuiDataGrid-root"
      role="grid"
    >
      <div>
        <div />
      </div>
      <div
        class="MuiDataGrid-main css-204u17-MuiDataGrid-main"
      >
        <div
          style="height: -40px; width: 0px; position: absolute; top: 40px;"
        >
          <div
            class="MuiDataGrid-overlay css-c1gd0l-MuiDataGrid-overlay"
          >
            No rows
          </div>
        </div>
        <div
          class="MuiDataGrid-columnHeaders css-f3jnds-MuiDataGrid-columnHeaders"
          style="min-height: 40px; max-height: 40px; line-height: 40px;"
        >
          <div
            class="MuiDataGrid-columnHeadersInner css-gl260s-MuiDataGrid-columnHeadersInner"
            role="rowgroup"
            style="transform: translate3d(0px, 0px, 0px);"
          >
            <div
              aria-rowindex="1"
              class="css-yrdy0g-MuiDataGrid-columnHeaderRow"
              role="row"
            >
              <div
                aria-colindex="1"
                aria-label="File Name"
                aria-sort="none"
                class="MuiDataGrid-columnHeader MuiDataGrid-columnHeader--sortable"
                data-field="file_name"
                role="columnheader"
                style="height: 40px; width: 0px; min-width: 0; max-width: 0;"
                tabindex="0"
              >
                <div
                  class="MuiDataGrid-columnHeaderDraggableContainer"
                  draggable="false"
                >
                  <div
                    class="MuiDataGrid-columnHeaderTitleContainer"
                  >
                    <div
                      class="MuiDataGrid-columnHeaderTitleContainerContent"
                    >
                      <div
                        aria-label=""
                        class="MuiDataGrid-columnHeaderTitle css-1jbbcbn-MuiDataGrid-columnHeaderTitle"
                        data-mui-internal-clone-element="true"
                      >
                        File Name
                      </div>
                    </div>
                    <div
                      class="MuiDataGrid-iconButtonContainer css-ltf0zy-MuiDataGrid-iconButtonContainer"
                    >
                      <button
                        aria-label="Sort"
                        class="MuiButtonBase-root MuiIconButton-root MuiIconButton-sizeSmall css-1pe4mpk-MuiButtonBase-root-MuiIconButton-root"
                        tabindex="-1"
                        title="Sort"
                        type="button"
                      >
                        <svg
                          aria-hidden="true"
                          class="MuiSvgIcon-root MuiSvgIcon-fontSizeSmall MuiDataGrid-sortIcon css-ptiqhd-MuiSvgIcon-root"
                          data-testid="ArrowUpwardIcon"
                          focusable="false"
                          viewBox="0 0 24 24"
                        >
                          <path
                            d="M4 12l1.41 1.41L11 7.83V20h2V7.83l5.58 5.59L20 12l-8-8-8 8z"
                          />
                        </svg>
                        <span
                          class="MuiTouchRipple-root css-8je8zh-MuiTouchRipple-root"
                        />
                      </button>
                    </div>
                  </div>
                  <div
                    class="MuiDataGrid-menuIcon"
                  >
                    <button
                      aria-controls=":r2:"
                      aria-haspopup="true"
                      aria-label="Menu"
                      class="MuiButtonBase-root MuiIconButton-root MuiIconButton-sizeSmall MuiDataGrid-menuIconButton css-1pe4mpk-MuiButtonBase-root-MuiIconButton-root"
                      id=":r3:"
                      tabindex="-1"
                      title="Menu"
                      type="button"
                    >
                      <svg
                        aria-hidden="true"
                        class="MuiSvgIcon-root MuiSvgIcon-fontSizeSmall css-ptiqhd-MuiSvgIcon-root"
                        data-testid="TripleDotsVerticalIcon"
                        focusable="false"
                        viewBox="0 0 24 24"
                      >
                        <path
                          d="M12 8c1.1 0 2-.9 2-2s-.9-2-2-2-2 .9-2 2 .9 2 2 2zm0 2c-1.1 0-2 .9-2 2s.9 2 2 2 2-.9 2-2-.9-2-2-2zm0 6c-1.1 0-2 .9-2 2s.9 2 2 2 2-.9 2-2-.9-2-2-2z"
                        />
                      </svg>
                      <span
                        class="MuiTouchRipple-root css-8je8zh-MuiTouchRipple-root"
                      />
                    </button>
                  </div>
                </div>
                <div
                  class="MuiDataGrid-columnSeparator MuiDataGrid-columnSeparator--sideRight"
                  style="min-height: 40px; opacity: 1;"
                >
                  <svg
                    aria-hidden="true"
                    class="MuiSvgIcon-root MuiSvgIcon-fontSizeMedium MuiDataGrid-iconSeparator css-i4bv87-MuiSvgIcon-root"
                    data-testid="SeparatorIcon"
                    focusable="false"
                    viewBox="0 0 24 24"
                  >
                    <path
                      d="M11 19V5h2v14z"
                    />
                  </svg>
                </div>
              </div>
              <div
                aria-colindex="2"
                aria-label="Author Name"
                aria-sort="none"
                class="MuiDataGrid-columnHeader MuiDataGrid-columnHeader--sortable"
                data-field="author_name"
                role="columnheader"
                style="height: 40px; width: 0px; min-width: 0; max-width: 0;"
                tabindex="-1"
              >
                <div
                  class="MuiDataGrid-columnHeaderDraggableContainer"
                  draggable="false"
                >
                  <div
                    class="MuiDataGrid-columnHeaderTitleContainer"
                  >
                    <div
                      class="MuiDataGrid-columnHeaderTitleContainerContent"
                    >
                      <div
                        aria-label=""
                        class="MuiDataGrid-columnHeaderTitle css-1jbbcbn-MuiDataGrid-columnHeaderTitle"
                        data-mui-internal-clone-element="true"
                      >
                        Author Name
                      </div>
                    </div>
                    <div
                      class="MuiDataGrid-iconButtonContainer css-ltf0zy-MuiDataGrid-iconButtonContainer"
                    >
                      <button
                        aria-label="Sort"
                        class="MuiButtonBase-root MuiIconButton-root MuiIconButton-sizeSmall css-1pe4mpk-MuiButtonBase-root-MuiIconButton-root"
                        tabindex="-1"
                        title="Sort"
                        type="button"
                      >
                        <svg
                          aria-hidden="true"
                          class="MuiSvgIcon-root MuiSvgIcon-fontSizeSmall MuiDataGrid-sortIcon css-ptiqhd-MuiSvgIcon-root"
                          data-testid="ArrowUpwardIcon"
                          focusable="false"
                          viewBox="0 0 24 24"
                        >
                          <path
                            d="M4 12l1.41 1.41L11 7.83V20h2V7.83l5.58 5.59L20 12l-8-8-8 8z"
                          />
                        </svg>
                        <span
                          class="MuiTouchRipple-root css-8je8zh-MuiTouchRipple-root"
                        />
                      </button>
                    </div>
                  </div>
                  <div
                    class="MuiDataGrid-menuIcon"
                  >
                    <button
                      aria-controls=":r5:"
                      aria-haspopup="true"
                      aria-label="Menu"
                      class="MuiButtonBase-root MuiIconButton-root MuiIconButton-sizeSmall MuiDataGrid-menuIconButton css-1pe4mpk-MuiButtonBase-root-MuiIconButton-root"
                      id=":r6:"
                      tabindex="-1"
                      title="Menu"
                      type="button"
                    >
                      <svg
                        aria-hidden="true"
                        class="MuiSvgIcon-root MuiSvgIcon-fontSizeSmall css-ptiqhd-MuiSvgIcon-root"
                        data-testid="TripleDotsVerticalIcon"
                        focusable="false"
                        viewBox="0 0 24 24"
                      >
                        <path
                          d="M12 8c1.1 0 2-.9 2-2s-.9-2-2-2-2 .9-2 2 .9 2 2 2zm0 2c-1.1 0-2 .9-2 2s.9 2 2 2 2-.9 2-2-.9-2-2-2zm0 6c-1.1 0-2 .9-2 2s.9 2 2 2 2-.9 2-2-.9-2-2-2z"
                        />
                      </svg>
                      <span
                        class="MuiTouchRipple-root css-8je8zh-MuiTouchRipple-root"
                      />
                    </button>
                  </div>
                </div>
                <div
                  class="MuiDataGrid-columnSeparator MuiDataGrid-columnSeparator--sideRight"
                  style="min-height: 40px; opacity: 1;"
                >
                  <svg
                    aria-hidden="true"
                    class="MuiSvgIcon-root MuiSvgIcon-fontSizeMedium MuiDataGrid-iconSeparator css-i4bv87-MuiSvgIcon-root"
                    data-testid="SeparatorIcon"
                    focusable="false"
                    viewBox="0 0 24 24"
                  >
                    <path
                      d="M11 19V5h2v14z"
                    />
                  </svg>
                </div>
              </div>
              <div
                aria-colindex="3"
                aria-label="Status"
                aria-sort="none"
                class="MuiDataGrid-columnHeader MuiDataGrid-columnHeader--sortable"
                data-field="status"
                role="columnheader"
                style="height: 40px; width: 0px; min-width: 0; max-width: 0;"
                tabindex="-1"
              >
                <div
                  class="MuiDataGrid-columnHeaderDraggableContainer"
                  draggable="false"
                >
                  <div
                    class="MuiDataGrid-columnHeaderTitleContainer"
                  >
                    <div
                      class="MuiDataGrid-columnHeaderTitleContainerContent"
                    >
                      <div
                        aria-label=""
                        class="MuiDataGrid-columnHeaderTitle css-1jbbcbn-MuiDataGrid-columnHeaderTitle"
                        data-mui-internal-clone-element="true"
                      >
                        Status
                      </div>
                    </div>
                    <div
                      class="MuiDataGrid-iconButtonContainer css-ltf0zy-MuiDataGrid-iconButtonContainer"
                    >
                      <button
                        aria-label="Sort"
                        class="MuiButtonBase-root MuiIconButton-root MuiIconButton-sizeSmall css-1pe4mpk-MuiButtonBase-root-MuiIconButton-root"
                        tabindex="-1"
                        title="Sort"
                        type="button"
                      >
                        <svg
                          aria-hidden="true"
                          class="MuiSvgIcon-root MuiSvgIcon-fontSizeSmall MuiDataGrid-sortIcon css-ptiqhd-MuiSvgIcon-root"
                          data-testid="ArrowUpwardIcon"
                          focusable="false"
                          viewBox="0 0 24 24"
                        >
                          <path
                            d="M4 12l1.41 1.41L11 7.83V20h2V7.83l5.58 5.59L20 12l-8-8-8 8z"
                          />
                        </svg>
                        <span
                          class="MuiTouchRipple-root css-8je8zh-MuiTouchRipple-root"
                        />
                      </button>
                    </div>
                  </div>
                  <div
                    class="MuiDataGrid-menuIcon"
                  >
                    <button
                      aria-controls=":r8:"
                      aria-haspopup="true"
                      aria-label="Menu"
                      class="MuiButtonBase-root MuiIconButton-root MuiIconButton-sizeSmall MuiDataGrid-menuIconButton css-1pe4mpk-MuiButtonBase-root-MuiIconButton-root"
                      id=":r9:"
                      tabindex="-1"
                      title="Menu"
                      type="button"
                    >
                      <svg
                        aria-hidden="true"
                        class="MuiSvgIcon-root MuiSvgIcon-fontSizeSmall css-ptiqhd-MuiSvgIcon-root"
                        data-testid="TripleDotsVerticalIcon"
                        focusable="false"
                        viewBox="0 0 24 24"
                      >
                        <path
                          d="M12 8c1.1 0 2-.9 2-2s-.9-2-2-2-2 .9-2 2 .9 2 2 2zm0 2c-1.1 0-2 .9-2 2s.9 2 2 2 2-.9 2-2-.9-2-2-2zm0 6c-1.1 0-2 .9-2 2s.9 2 2 2 2-.9 2-2-.9-2-2-2z"
                        />
                      </svg>
                      <span
                        class="MuiTouchRipple-root css-8je8zh-MuiTouchRipple-root"
                      />
                    </button>
                  </div>
                </div>
                <div
                  class="MuiDataGrid-columnSeparator MuiDataGrid-columnSeparator--sideRight"
                  style="min-height: 40px; opacity: 1;"
                >
                  <svg
                    aria-hidden="true"
                    class="MuiSvgIcon-root MuiSvgIcon-fontSizeMedium MuiDataGrid-iconSeparator css-i4bv87-MuiSvgIcon-root"
                    data-testid="SeparatorIcon"
                    focusable="false"
                    viewBox="0 0 24 24"
                  >
                    <path
                      d="M11 19V5h2v14z"
                    />
                  </svg>
                </div>
              </div>
            </div>
          </div>
        </div>
        <div
          style="overflow: visible; height: 0px; width: 0px;"
        >
          <div
            class="MuiDataGrid-virtualScroller css-1w5m2wr-MuiDataGrid-virtualScroller"
            style="width: 0px; height: auto; margin-top: 40px; overflow-x: hidden;"
          >
            <div
              class="MuiDataGrid-virtualScrollerContent MuiDataGrid-virtualScrollerContent--overflowed css-1kwdphh-MuiDataGrid-virtualScrollerContent"
              style="width: auto; height: 1px; min-height: auto;"
            >
              <div
                class="MuiDataGrid-virtualScrollerRenderZone css-s1v7zr-MuiDataGrid-virtualScrollerRenderZone"
                style="transform: translate3d(0px, undefinedpx, 0px);"
              />
            </div>
          </div>
        </div>
        <div
          class="Mui-resizeTriggers"
        >
          <div
            class="expand-trigger"
          >
            <div
              style="width: 1px; height: 1px;"
            />
          </div>
          <div
            class="contract-trigger"
          />
        </div>
      </div>
      <div>
        <div
          class="MuiDataGrid-footerContainer css-17jjc08-MuiDataGrid-footerContainer"
        >
          <div />
          <div
            class="MuiTablePagination-root css-rtrcn9-MuiTablePagination-root"
          >
            <div
              class="MuiToolbar-root MuiToolbar-gutters MuiToolbar-regular MuiTablePagination-toolbar css-78c6dr-MuiToolbar-root-MuiTablePagination-toolbar"
            >
              <div
                class="MuiTablePagination-spacer css-1psng7p-MuiTablePagination-spacer"
              />
              <p
                class="MuiTablePagination-selectLabel css-pdct74-MuiTablePagination-selectLabel"
                id=":r1:"
              >
                Rows per page:
              </p>
              <div
                class="MuiInputBase-root MuiInputBase-colorPrimary css-16c50h-MuiInputBase-root-MuiTablePagination-select"
              >
                <div
                  aria-expanded="false"
                  aria-haspopup="listbox"
                  aria-labelledby=":r1: :r0:"
                  class="MuiSelect-select MuiTablePagination-select MuiSelect-standard MuiInputBase-input css-194a1fa-MuiSelect-select-MuiInputBase-input"
                  id=":r0:"
                  role="button"
                  tabindex="0"
                >
                  25
                </div>
                <input
                  aria-hidden="true"
                  class="MuiSelect-nativeInput css-yf8vq0-MuiSelect-nativeInput"
                  tabindex="-1"
                  value="25"
                />
                <svg
                  aria-hidden="true"
                  class="MuiSvgIcon-root MuiSvgIcon-fontSizeMedium MuiSelect-icon MuiTablePagination-selectIcon MuiSelect-iconStandard css-pqjvzy-MuiSvgIcon-root-MuiSelect-icon"
                  data-testid="ArrowDropDownIcon"
                  focusable="false"
                  viewBox="0 0 24 24"
                >
                  <path
                    d="M7 10l5 5 5-5z"
                  />
                </svg>
              </div>
              <p
                class="MuiTablePagination-displayedRows css-levciy-MuiTablePagination-displayedRows"
              >
                0–0 of 0
              </p>
              <div
                class="MuiTablePagination-actions"
              >
                <button
                  aria-label="Go to previous page"
                  class="MuiButtonBase-root Mui-disabled MuiIconButton-root Mui-disabled MuiIconButton-colorInherit MuiIconButton-sizeMedium css-zylse7-MuiButtonBase-root-MuiIconButton-root"
                  disabled=""
                  tabindex="-1"
                  title="Go to previous page"
                  type="button"
                >
                  <svg
                    aria-hidden="true"
                    class="MuiSvgIcon-root MuiSvgIcon-fontSizeMedium css-i4bv87-MuiSvgIcon-root"
                    data-testid="KeyboardArrowLeftIcon"
                    focusable="false"
                    viewBox="0 0 24 24"
                  >
                    <path
                      d="M15.41 16.09l-4.58-4.59 4.58-4.59L14 5.5l-6 6 6 6z"
                    />
                  </svg>
                </button>
                <button
                  aria-label="Go to next page"
                  class="MuiButtonBase-root Mui-disabled MuiIconButton-root Mui-disabled MuiIconButton-colorInherit MuiIconButton-sizeMedium css-zylse7-MuiButtonBase-root-MuiIconButton-root"
                  disabled=""
                  tabindex="-1"
                  title="Go to next page"
                  type="button"
                >
                  <svg
                    aria-hidden="true"
                    class="MuiSvgIcon-root MuiSvgIcon-fontSizeMedium css-i4bv87-MuiSvgIcon-root"
                    data-testid="KeyboardArrowRightIcon"
                    focusable="false"
                    viewBox="0 0 24 24"
                  >
                    <path
                      d="M8.59 16.34l4.58-4.59-4.58-4.59L10 5.75l6 6-6 6z"
                    />
                  </svg>
                </button>
              </div>
            </div>
          </div>
        </div>
      </div>
    </div>
  </div>
</div>
`;
